normal_dir/
normal_dir/anotherdir/
normal_dir/anotherdir/thirddir/
normal_dir/anotherdir/thirddir/afile.txt
normal_dir/longfile.txt
normal_dir/file.txt
normal_dir/file2.txt
normal_dir/adir/
normal_dir/adir/file2.txt
normal_dir/.hidden_dir/
normal_dir/.hidden_dir/.anotherdir/
normal_dir/.hidden_dir/.anotherdir/hiddenfile.txt
normal_dir/
normal_dir/anotherdir/
normal_dir/anotherdir/thirddir/
normal_dir/anotherdir/thirddir/afile.txt
normal_dir/longfile.txt
normal_dir/file.txt
normal_dir/file2.txt
normal_dir/adir/
normal_dir/adir/file2.txt
normal_dir/.hidden_dir/
normal_dir/.hidden_dir/.anotherdir/
normal_dir/.hidden_dir/.anotherdir/hiddenfile.txt
normal_dir/
normal_dir/anotherdir/
normal_dir/anotherdir/thirddir/
normal_dir/anotherdir/thirddir/afile.txt
normal_dir/longfile.txt
normal_dir/file.txt
normal_dir/file2.txt
normal_dir/adir/
normal_dir/adir/file2.txt
normal_dir/.hidden_dir/
normal_dir/.hidden_dir/.anotherdir/
normal_dir/.hidden_dir/.anotherdir/hiddenfile.txt
normal_dir/
normal_dir/anotherdir/
normal_dir/anotherdir/thirddir/
normal_dir/anotherdir/thirddir/afile.txt
normal_dir/longfile.txt
normal_dir/file.txt
normal_dir/file2.txt
normal_dir/adir/
normal_dir/adir/file2.txt
normal_dir/.hidden_dir/
normal_dir/.hidden_dir/.anotherdir/
normal_dir/.hidden_dir/.anotherdir/hiddenfile.txt

real	0m0.005s
user	0m0.001s
sys	0m0.005s
